bgp:
  advertise_loopback: true
  as_list:
    65000:
      members:
      - pe1
      - pe2
    65001:
      members:
      - ce1
    65002:
      members:
      - ce2
  community:
    ebgp:
    - standard
    ibgp:
    - standard
    - extended
  next_hop_self: true
groups:
  as65000:
    members:
    - pe1
    - pe2
  as65001:
    members:
    - ce1
  as65002:
    members:
    - ce2
  p:
    members:
    - cr
    module:
    - isis
    - mpls
  pe:
    members:
    - pe1
    - pe2
    module:
    - bgp
    - isis
    - mpls
input:
- topology/input/6pe.yml
- package:topology-defaults.yml
isis:
  area: '49.0001'
  type: level-2
links:
- interfaces:
  - ifindex: 1
    ifname: GigabitEthernet0/1
    ipv4: 172.31.0.1/24
    ipv6: 2001:db8:2::1/64
    node: ce1
  - ifindex: 1
    ifname: GigabitEthernet0/1
    ipv4: 172.31.0.2/24
    ipv6: 2001:db8:2::2/64
    node: pe1
  linkindex: 1
  node_count: 2
  prefix:
    ipv4: 172.31.0.0/24
    ipv6: 2001:db8:2::/64
  role: external
  type: p2p
- interfaces:
  - ifindex: 1
    ifname: GigabitEthernet0/1
    ipv4: 172.31.1.1/24
    ipv6: 2001:db8:2:1::1/64
    node: ce2
  - ifindex: 1
    ifname: GigabitEthernet0/1
    ipv4: 172.31.1.2/24
    ipv6: 2001:db8:2:1::2/64
    node: pe2
  linkindex: 2
  node_count: 2
  prefix:
    ipv4: 172.31.1.0/24
    ipv6: 2001:db8:2:1::/64
  role: external
  type: p2p
- interfaces:
  - ifindex: 2
    ifname: GigabitEthernet0/2
    ipv4: 10.1.0.2/30
    node: pe1
  - ifindex: 1
    ifname: GigabitEthernet0/1
    ipv4: 10.1.0.1/30
    node: cr
  linkindex: 3
  node_count: 2
  prefix:
    ipv4: 10.1.0.0/30
  type: p2p
- interfaces:
  - ifindex: 2
    ifname: GigabitEthernet0/2
    ipv4: 10.1.0.6/30
    node: pe2
  - ifindex: 2
    ifname: GigabitEthernet0/2
    ipv4: 10.1.0.5/30
    node: cr
  linkindex: 4
  node_count: 2
  prefix:
    ipv4: 10.1.0.4/30
  type: p2p
module:
- bgp
- isis
- mpls
mpls:
  ldp: true
name: input
nodes:
  ce1:
    af:
      ipv4: true
      ipv6: true
    bgp:
      advertise_loopback: true
      as: 65001
      community:
        ebgp:
        - standard
        ibgp:
        - standard
        - extended
        ibgp_localas:
        - standard
        - extended
      ipv4: true
      ipv6: true
      neighbors:
      - activate:
          ipv4: true
          ipv6: true
        as: 65000
        ifindex: 1
        ipv4: 172.31.0.2
        ipv6: 2001:db8:2::2
        name: pe1
        type: ebgp
      next_hop_self: true
      router_id: 10.0.0.4
    box: cisco/iosv
    device: iosv
    id: 4
    interfaces:
    - ifindex: 1
      ifname: GigabitEthernet0/1
      ipv4: 172.31.0.1/24
      ipv6: 2001:db8:2::1/64
      linkindex: 1
      name: ce1 -> pe1
      neighbors:
      - ifname: GigabitEthernet0/1
        ipv4: 172.31.0.2/24
        ipv6: 2001:db8:2::2/64
        node: pe1
      role: external
      type: p2p
    loopback:
      ifindex: 0
      ifname: Loopback0
      ipv4: 10.0.0.4/32
      ipv6: 2001:db8:0:4::1/64
      neighbors: []
      type: loopback
      virtual_interface: true
    mgmt:
      ifname: GigabitEthernet0/0
      ipv4: 192.168.121.104
      mac: 08:4f:a9:00:00:04
    module:
    - bgp
    name: ce1
  ce2:
    af:
      ipv4: true
      ipv6: true
    bgp:
      advertise_loopback: true
      as: 65002
      community:
        ebgp:
        - standard
        ibgp:
        - standard
        - extended
        ibgp_localas:
        - standard
        - extended
      ipv4: true
      ipv6: true
      neighbors:
      - activate:
          ipv4: true
          ipv6: true
        as: 65000
        ifindex: 1
        ipv4: 172.31.1.2
        ipv6: 2001:db8:2:1::2
        name: pe2
        type: ebgp
      next_hop_self: true
      router_id: 10.0.0.5
    box: cisco/iosv
    device: iosv
    id: 5
    interfaces:
    - ifindex: 1
      ifname: GigabitEthernet0/1
      ipv4: 172.31.1.1/24
      ipv6: 2001:db8:2:1::1/64
      linkindex: 2
      name: ce2 -> pe2
      neighbors:
      - ifname: GigabitEthernet0/1
        ipv4: 172.31.1.2/24
        ipv6: 2001:db8:2:1::2/64
        node: pe2
      role: external
      type: p2p
    loopback:
      ifindex: 0
      ifname: Loopback0
      ipv4: 10.0.0.5/32
      ipv6: 2001:db8:0:5::1/64
      neighbors: []
      type: loopback
      virtual_interface: true
    mgmt:
      ifname: GigabitEthernet0/0
      ipv4: 192.168.121.105
      mac: 08:4f:a9:00:00:05
    module:
    - bgp
    name: ce2
  cr:
    af:
      ipv4: true
      ipv6: true
    box: cisco/iosv
    device: iosv
    id: 3
    interfaces:
    - ifindex: 1
      ifname: GigabitEthernet0/1
      ipv4: 10.1.0.1/30
      isis:
        network_type: point-to-point
        passive: false
      ldp:
        passive: false
      linkindex: 3
      name: cr -> pe1
      neighbors:
      - ifname: GigabitEthernet0/2
        ipv4: 10.1.0.2/30
        node: pe1
      type: p2p
    - ifindex: 2
      ifname: GigabitEthernet0/2
      ipv4: 10.1.0.5/30
      isis:
        network_type: point-to-point
        passive: false
      ldp:
        passive: false
      linkindex: 4
      name: cr -> pe2
      neighbors:
      - ifname: GigabitEthernet0/2
        ipv4: 10.1.0.6/30
        node: pe2
      type: p2p
    isis:
      af:
        ipv4: true
        ipv6: true
      area: '49.0001'
      type: level-2
    ldp:
      router_id: 10.0.0.3
    loopback:
      ifindex: 0
      ifname: Loopback0
      ipv4: 10.0.0.3/32
      ipv6: 2001:db8:0:3::1/64
      neighbors: []
      type: loopback
      virtual_interface: true
    mgmt:
      ifname: GigabitEthernet0/0
      ipv4: 192.168.121.103
      mac: 08:4f:a9:00:00:03
    module:
    - isis
    - mpls
    mpls: {}
    name: cr
  pe1:
    af:
      ipv4: true
      ipv6: true
    bgp:
      advertise_loopback: true
      as: 65000
      community:
        ebgp:
        - standard
        ibgp:
        - standard
        - extended
        ibgp_localas:
        - standard
        - extended
      ipv4: true
      ipv6: true
      neighbors:
      - 6pe: true
        activate:
          ipv4: true
          ipv6: true
        as: 65000
        ipv4: 10.0.0.2
        name: pe2
        type: ibgp
      - activate:
          ipv4: true
          ipv6: true
        as: 65001
        ifindex: 1
        ipv4: 172.31.0.1
        ipv6: 2001:db8:2::1
        name: ce1
        type: ebgp
      next_hop_self: true
      router_id: 10.0.0.1
    box: cisco/iosv
    device: iosv
    id: 1
    interfaces:
    - ifindex: 1
      ifname: GigabitEthernet0/1
      ipv4: 172.31.0.2/24
      ipv6: 2001:db8:2::2/64
      linkindex: 1
      name: pe1 -> ce1
      neighbors:
      - ifname: GigabitEthernet0/1
        ipv4: 172.31.0.1/24
        ipv6: 2001:db8:2::1/64
        node: ce1
      role: external
      type: p2p
    - ifindex: 2
      ifname: GigabitEthernet0/2
      ipv4: 10.1.0.2/30
      isis:
        network_type: point-to-point
        passive: false
      ldp:
        passive: false
      linkindex: 3
      name: pe1 -> cr
      neighbors:
      - ifname: GigabitEthernet0/1
        ipv4: 10.1.0.1/30
        node: cr
      type: p2p
    isis:
      af:
        ipv4: true
        ipv6: true
      area: '49.0001'
      type: level-2
    ldp:
      router_id: 10.0.0.1
    loopback:
      ifindex: 0
      ifname: Loopback0
      ipv4: 10.0.0.1/32
      ipv6: 2001:db8:0:1::1/64
      neighbors: []
      type: loopback
      virtual_interface: true
    mgmt:
      ifname: GigabitEthernet0/0
      ipv4: 192.168.121.101
      mac: 08:4f:a9:00:00:01
    module:
    - bgp
    - isis
    - mpls
    mpls:
      6pe:
      - ibgp
      bgp: {}
    name: pe1
  pe2:
    af:
      ipv4: true
      ipv6: true
    bgp:
      advertise_loopback: true
      as: 65000
      community:
        ebgp:
        - standard
        ibgp:
        - standard
        - extended
        ibgp_localas:
        - standard
        - extended
      ipv4: true
      ipv6: true
      neighbors:
      - 6pe: true
        activate:
          ipv4: true
          ipv6: true
        as: 65000
        ipv4: 10.0.0.1
        name: pe1
        type: ibgp
      - activate:
          ipv4: true
          ipv6: true
        as: 65002
        ifindex: 1
        ipv4: 172.31.1.1
        ipv6: 2001:db8:2:1::1
        name: ce2
        type: ebgp
      next_hop_self: true
      router_id: 10.0.0.2
    box: cisco/iosv
    device: iosv
    id: 2
    interfaces:
    - ifindex: 1
      ifname: GigabitEthernet0/1
      ipv4: 172.31.1.2/24
      ipv6: 2001:db8:2:1::2/64
      linkindex: 2
      name: pe2 -> ce2
      neighbors:
      - ifname: GigabitEthernet0/1
        ipv4: 172.31.1.1/24
        ipv6: 2001:db8:2:1::1/64
        node: ce2
      role: external
      type: p2p
    - ifindex: 2
      ifname: GigabitEthernet0/2
      ipv4: 10.1.0.6/30
      isis:
        network_type: point-to-point
        passive: false
      ldp:
        passive: false
      linkindex: 4
      name: pe2 -> cr
      neighbors:
      - ifname: GigabitEthernet0/2
        ipv4: 10.1.0.5/30
        node: cr
      type: p2p
    isis:
      af:
        ipv4: true
        ipv6: true
      area: '49.0001'
      type: level-2
    ldp:
      router_id: 10.0.0.2
    loopback:
      ifindex: 0
      ifname: Loopback0
      ipv4: 10.0.0.2/32
      ipv6: 2001:db8:0:2::1/64
      neighbors: []
      type: loopback
      virtual_interface: true
    mgmt:
      ifname: GigabitEthernet0/0
      ipv4: 192.168.121.102
      mac: 08:4f:a9:00:00:02
    module:
    - bgp
    - isis
    - mpls
    mpls:
      6pe:
      - ibgp
      bgp: {}
    name: pe2
provider: libvirt
