input:
- topology/input/extra-attr-missing.yml
- package:topology-defaults.yml
links:
- interfaces:
  - ifindex: 1
    ifname: GigabitEthernet0/1
    ipv4: 10.1.0.1/30
    node: r1
  - ifindex: 1
    ifname: GigabitEthernet0/1
    ipv4: 10.1.0.2/30
    node: r2
  linkindex: 1
  node_count: 2
  prefix:
    ipv4: 10.1.0.0/30
  type: p2p
name: input
nodes:
  r1:
    af:
      ipv4: true
    box: cisco/iosv
    device: iosv
    id: 1
    interfaces:
    - ifindex: 1
      ifname: GigabitEthernet0/1
      ipv4: 10.1.0.1/30
      linkindex: 1
      name: r1 -> r2
      neighbors:
      - ifname: GigabitEthernet0/1
        ipv4: 10.1.0.2/30
        node: r2
      type: p2p
    loopback:
      ipv4: 10.0.0.1/32
    mgmt:
      ifname: GigabitEthernet0/0
      ipv4: 192.168.121.101
      mac: 08-4F-A9-00-00-01
    name: r1
  r2:
    af:
      ipv4: true
    box: cisco/iosv
    device: iosv
    id: 2
    interfaces:
    - ifindex: 1
      ifname: GigabitEthernet0/1
      ipv4: 10.1.0.2/30
      linkindex: 1
      name: r2 -> r1
      neighbors:
      - ifname: GigabitEthernet0/1
        ipv4: 10.1.0.1/30
        node: r1
      type: p2p
    loopback:
      ipv4: 10.0.0.2/32
    mgmt:
      ifname: GigabitEthernet0/0
      ipv4: 192.168.121.102
      mac: 08-4F-A9-00-00-02
    name: r2
provider: libvirt
