bgp:
  advertise_loopback: true
  community:
    ebgp:
    - standard
    ibgp:
    - standard
    - extended
  next_hop_self: true
groups:
  as65000:
    members:
    - r2
input:
- topology/input/module-node-global.yml
- package:topology-defaults.yml
module:
- ospf
- bgp
name: input
nodes:
  r1:
    box: cisco/iosv
    device: iosv
    id: 1
    interfaces: []
    loopback:
      ipv4: 10.0.0.1/32
    mgmt:
      ifname: GigabitEthernet0/0
      ipv4: 192.168.121.101
      mac: 08-4F-A9-00-00-01
    module: []
    name: r1
  r2:
    bgp:
      advertise_loopback: true
      as: 65000
      community:
        ebgp:
        - standard
        ibgp:
        - standard
        - extended
      neighbors: []
      next_hop_self: true
      router_id: 10.0.0.2
    box: cisco/iosv
    device: iosv
    id: 2
    interfaces: []
    loopback:
      ipv4: 10.0.0.2/32
    mgmt:
      ifname: GigabitEthernet0/0
      ipv4: 192.168.121.102
      mac: 08-4F-A9-00-00-02
    module:
    - bgp
    name: r2
ospf:
  area: 0.0.0.0
provider: libvirt
