input:
- topology/input/nodes-strings.yml
- package:topology-defaults.yml
name: input
nodes:
  e1:
    af:
      ipv4: true
    box: cisco/iosv
    device: iosv
    id: 1
    interfaces: []
    loopback:
      ifindex: 0
      ifname: Loopback0
      ipv4: 10.0.0.1/32
      neighbors: []
      type: loopback
      virtual_interface: true
    mgmt:
      ifname: GigabitEthernet0/0
      ipv4: 192.168.121.101
      mac: 08:4f:a9:00:00:01
    name: e1
  e2:
    af:
      ipv4: true
    box: cisco/iosv
    device: iosv
    id: 2
    interfaces: []
    loopback:
      ifindex: 0
      ifname: Loopback0
      ipv4: 10.0.0.2/32
      neighbors: []
      type: loopback
      virtual_interface: true
    mgmt:
      ifname: GigabitEthernet0/0
      ipv4: 192.168.121.102
      mac: 08:4f:a9:00:00:02
    name: e2
  e3:
    af:
      ipv4: true
    box: cisco/iosv
    device: iosv
    id: 3
    interfaces: []
    loopback:
      ifindex: 0
      ifname: Loopback0
      ipv4: 10.0.0.3/32
      neighbors: []
      type: loopback
      virtual_interface: true
    mgmt:
      ifname: GigabitEthernet0/0
      ipv4: 192.168.121.103
      mac: 08:4f:a9:00:00:03
    name: e3
provider: libvirt
