input:
- topology/input/tools.yml
- package:topology-defaults.yml
name: input
nodes:
  a_eos:
    af:
      ipv4: true
    box: arista/veos
    device: eos
    id: 1
    interfaces: []
    loopback:
      ifindex: 0
      ifname: Loopback0
      ipv4: 10.0.0.1/32
      neighbors: []
      type: loopback
      virtual_interface: true
    mgmt:
      ifname: Management1
      ipv4: 192.168.121.101
      mac: 08:4f:a9:00:00:01
    name: a_eos
provider: libvirt
tools:
  graphite:
    runtime: docker
  suzieq:
    runtime: docker
